// Vitest Snapshot v1, https://vitest.dev/guide/snapshot.html

exports[`og image test > render image > image image 1`] = `
<OgImageFrame>
  <div
    tw="flex justify-between items-end mt-8"
  >
    <div
      tw="flex flex-col shrink flex-1 -mb-1"
    >
      <div
        tw="flex flex-col text-4xl"
      >
        Emissions of 1 
        kilogram
      </div>
      <div
        tw="flex flex-col text-8xl leading-[0.9] -ml-1"
      >
        Pork
      </div>
    </div>
    <div
      tw="flex shrink-0 text-[42] leading-[0.75] ml-6"
    >
      3
    </div>
    <div
      tw="flex flex-col text-4xl justify-end"
    >
      <div
        tw="flex flex-col ml-2 self-end"
      >
        kg CO2e
      </div>
      <div
        tw="flex"
      >
        <div>
          4
        </div>
        <div>
          500
        </div>
      </div>
    </div>
  </div>
</OgImageFrame>
`;
